Using pre-set license
Built from '2020.3/staging' branch; Version is '2020.3.18f1 (a7d1c678663c) revision 10998214'; Using compiler version '192528614'; Build Type 'Release'
OS: 'Windows 10 Pro; OS build 19045.5854; Version 2009; 64bit' Language: 'zh' Physical Memory: 16311 MB
BatchMode: 1, IsHumanControllingUs: 0, StartBugReporterOnCrash: 0, Is64bit: 1, IsPro: 0

COMMAND LINE ARGUMENTS:
D:\Unity\2020.3.18f1\Editor\Unity.exe
-adb2
-batchMode
-noUpm
-name
AssetImportWorker15
-projectPath
D:/zpurojekuto/LearnFromReddit/kuruma
-logFile
Logs/AssetImportWorker15.log
-srvPort
57008
Successfully changed project path to: D:/zpurojekuto/LearnFromReddit/kuruma
D:/zpurojekuto/LearnFromReddit/kuruma
Using Asset Import Pipeline V2.
Refreshing native plugins compatible for Editor in 103.69 ms, found 2 plugins.
Preloading 0 native plugins for Editor in 0.00 ms.
Initialize engine version: 2020.3.18f1 (a7d1c678663c)
[Subsystems] Discovering subsystems at path D:/Unity/2020.3.18f1/Editor/Data/Resources/UnitySubsystems
[Subsystems] Discovering subsystems at path D:/zpurojekuto/LearnFromReddit/kuruma/Assets
GfxDevice: creating device client; threaded=0
Direct3D:
    Version:  Direct3D 11.0 [level 11.1]
    Renderer: NVIDIA GeForce GTX 1650 (ID=0x1f82)
    Vendor:   
    VRAM:     3935 MB
    Driver:   32.0.15.6094
Initialize mono
Mono path[0] = 'D:/Unity/2020.3.18f1/Editor/Data/Managed'
Mono path[1] = 'D:/Unity/2020.3.18f1/Editor/Data/MonoBleedingEdge/lib/mono/unityjit'
Mono config path = 'D:/Unity/2020.3.18f1/Editor/Data/MonoBleedingEdge/etc'
Using monoOptions --debugger-agent=transport=dt_socket,embedding=1,server=y,suspend=n,address=127.0.0.1:56940
Begin MonoManager ReloadAssembly
Registering precompiled unity dll's ...
Register platform support module: D:/Unity/2020.3.18f1/Editor/Data/PlaybackEngines/WebGLSupport/UnityEditor.WebGL.Extensions.dll
Register platform support module: D:/Unity/2020.3.18f1/Editor/Data/PlaybackEngines/WindowsStandaloneSupport/UnityEditor.WindowsStandalone.Extensions.dll
Registered in 0.001265 seconds.
Native extension for WindowsStandalone target not found
Native extension for WebGL target not found
Refreshing native plugins compatible for Editor in 68.27 ms, found 2 plugins.
Preloading 0 native plugins for Editor in 0.00 ms.
Mono: successfully reloaded assembly
- Completed reload, in  3.165 seconds
Domain Reload Profiling:
	ReloadAssembly (3165ms)
		BeginReloadAssembly (138ms)
			ExecutionOrderSort (0ms)
			DisableScriptedObjects (0ms)
			BackupInstance (0ms)
			ReleaseScriptingObjects (0ms)
			CreateAndSetChildDomain (2ms)
		EndReloadAssembly (628ms)
			LoadAssemblies (134ms)
			RebuildTransferFunctionScriptingTraits (0ms)
			SetupTypeCache (225ms)
			ReleaseScriptCaches (0ms)
			RebuildScriptCaches (41ms)
			SetupLoadedEditorAssemblies (263ms)
				LogAssemblyErrors (0ms)
				InitializePlatformSupportModulesInManaged (6ms)
				SetLoadedEditorAssemblies (0ms)
				RefreshPlugins (68ms)
				BeforeProcessingInitializeOnLoad (17ms)
				ProcessInitializeOnLoadAttributes (135ms)
				ProcessInitializeOnLoadMethodAttributes (37ms)
				AfterProcessingInitializeOnLoad (0ms)
				EditorAssembliesLoaded (0ms)
			ExecutionOrderSort2 (0ms)
			AwakeInstancesAfterBackupRestoration (0ms)
Platform modules already initialized, skipping
Registering precompiled user dll's ...
Registered in 0.002485 seconds.
Begin MonoManager ReloadAssembly
Native extension for WindowsStandalone target not found
Native extension for WebGL target not found
Refreshing native plugins compatible for Editor in 61.64 ms, found 2 plugins.
Preloading 0 native plugins for Editor in 0.00 ms.
Mono: successfully reloaded assembly
- Completed reload, in  1.447 seconds
Domain Reload Profiling:
	ReloadAssembly (1448ms)
		BeginReloadAssembly (206ms)
			ExecutionOrderSort (0ms)
			DisableScriptedObjects (5ms)
			BackupInstance (0ms)
			ReleaseScriptingObjects (0ms)
			CreateAndSetChildDomain (63ms)
		EndReloadAssembly (1181ms)
			LoadAssemblies (104ms)
			RebuildTransferFunctionScriptingTraits (0ms)
			SetupTypeCache (378ms)
			ReleaseScriptCaches (1ms)
			RebuildScriptCaches (60ms)
			SetupLoadedEditorAssemblies (489ms)
				LogAssemblyErrors (0ms)
				InitializePlatformSupportModulesInManaged (5ms)
				SetLoadedEditorAssemblies (0ms)
				RefreshPlugins (62ms)
				BeforeProcessingInitializeOnLoad (123ms)
				ProcessInitializeOnLoadAttributes (291ms)
				ProcessInitializeOnLoadMethodAttributes (5ms)
				AfterProcessingInitializeOnLoad (2ms)
				EditorAssembliesLoaded (0ms)
			ExecutionOrderSort2 (0ms)
			AwakeInstancesAfterBackupRestoration (8ms)
Platform modules already initialized, skipping
========================================================================
Worker process is ready to serve import requests
Launched and connected shader compiler UnityShaderCompiler.exe after 0.14 seconds
Refreshing native plugins compatible for Editor in 1.26 ms, found 2 plugins.
Preloading 0 native plugins for Editor in 0.00 ms.
Unloading 2709 Unused Serialized files (Serialized files now loaded: 0)
System memory in use before: 125.8 MB.
System memory in use after: 126.0 MB.

Unloading 17 unused Assets to reduce memory usage. Loaded Objects now: 3144.
Total: 4.195100 ms (FindLiveObjects: 0.315700 ms CreateObjectMapping: 0.122300 ms MarkObjects: 3.605200 ms  DeleteObjects: 0.150100 ms)

AssetImportParameters requested are different than current active one (requested -> active):
  custom:framework-win-MediaFoundation: 216162199b28c13a410421893ffa2e32 -> 
  custom:video-decoder-ogg-theora: a1e56fd34408186e4bbccfd4996cb3dc -> 
  custom:container-muxer-webm: aa71ff27fc2769a1b78a27578f13a17b -> 
  custom:container-demuxer-webm: 4f35f7cbe854078d1ac9338744f61a02 -> 
  custom:container-demuxer-ogg: 62fdf1f143b41e24485cea50d1cbac27 -> 
  custom:video-encoder-webm-vp8: eb34c28f22e8b96e1ab97ce403110664 -> 
  custom:video-decoder-webm-vp8: 9c59270c3fd7afecdb556c50c9e8de78 -> 
  custom:audio-decoder-ogg-vorbis: bf7c407c2cedff20999df2af8eb42d56 -> 
  custom:audio-encoder-webm-vorbis: bf7c407c2cedff20999df2af8eb42d56 -> 
========================================================================
Received Import Request.
  path: Assets/Scripts/Weather
  artifactKey: Guid(a6188ef734fd3524491c6e7b84a79062) Importer(815301076,1909f56bfc062723c751e8b465ee728b)
Start importing Assets/Scripts/Weather using Guid(a6188ef734fd3524491c6e7b84a79062) Importer(815301076,1909f56bfc062723c751e8b465ee728b)  -> (artifact id: 'cd09d98afffc59391177a851cd216f00') in 0.026846 seconds 
  Import took 0.037603 seconds .

========================================================================
Received Import Request.
  Time since last request: 400.245127 seconds.
  path: Assets/Scripts/Weather/WeatherTimer.cs
  artifactKey: Guid(8ca47b5899fa0144f9e20b97f5b1039a) Importer(815301076,1909f56bfc062723c751e8b465ee728b)
Start importing Assets/Scripts/Weather/WeatherTimer.cs using Guid(8ca47b5899fa0144f9e20b97f5b1039a) Importer(815301076,1909f56bfc062723c751e8b465ee728b)  -> (artifact id: '256d2bc30cbb9a2f1787f119e5da2050') in 0.035266 seconds 
  Import took 0.040529 seconds .

========================================================================
Received Prepare
Registering precompiled user dll's ...
Registered in 0.002164 seconds.
Begin MonoManager ReloadAssembly
Native extension for WindowsStandalone target not found
Native extension for WebGL target not found
Refreshing native plugins compatible for Editor in 0.50 ms, found 2 plugins.
Preloading 0 native plugins for Editor in 0.00 ms.
Mono: successfully reloaded assembly
- Completed reload, in  1.051 seconds
Domain Reload Profiling:
	ReloadAssembly (1051ms)
		BeginReloadAssembly (110ms)
			ExecutionOrderSort (0ms)
			DisableScriptedObjects (4ms)
			BackupInstance (0ms)
			ReleaseScriptingObjects (0ms)
			CreateAndSetChildDomain (35ms)
		EndReloadAssembly (883ms)
			LoadAssemblies (82ms)
			RebuildTransferFunctionScriptingTraits (0ms)
			SetupTypeCache (308ms)
			ReleaseScriptCaches (1ms)
			RebuildScriptCaches (41ms)
			SetupLoadedEditorAssemblies (346ms)
				LogAssemblyErrors (0ms)
				InitializePlatformSupportModulesInManaged (5ms)
				SetLoadedEditorAssemblies (0ms)
				RefreshPlugins (1ms)
				BeforeProcessingInitializeOnLoad (74ms)
				ProcessInitializeOnLoadAttributes (260ms)
				ProcessInitializeOnLoadMethodAttributes (4ms)
				AfterProcessingInitializeOnLoad (2ms)
				EditorAssembliesLoaded (0ms)
			ExecutionOrderSort2 (0ms)
			AwakeInstancesAfterBackupRestoration (10ms)
Platform modules already initialized, skipping
Refreshing native plugins compatible for Editor in 0.50 ms, found 2 plugins.
Preloading 0 native plugins for Editor in 0.00 ms.
Unloading 2600 Unused Serialized files (Serialized files now loaded: 0)
System memory in use before: 118.6 MB.
System memory in use after: 118.8 MB.

Unloading 12 unused Assets to reduce memory usage. Loaded Objects now: 3147.
Total: 3.010300 ms (FindLiveObjects: 0.291300 ms CreateObjectMapping: 0.125400 ms MarkObjects: 2.568700 ms  DeleteObjects: 0.023100 ms)

AssetImportParameters requested are different than current active one (requested -> active):
  custom:framework-win-MediaFoundation: 216162199b28c13a410421893ffa2e32 -> 
  custom:video-decoder-ogg-theora: a1e56fd34408186e4bbccfd4996cb3dc -> 
  custom:container-muxer-webm: aa71ff27fc2769a1b78a27578f13a17b -> 
  custom:container-demuxer-webm: 4f35f7cbe854078d1ac9338744f61a02 -> 
  custom:container-demuxer-ogg: 62fdf1f143b41e24485cea50d1cbac27 -> 
  custom:video-encoder-webm-vp8: eb34c28f22e8b96e1ab97ce403110664 -> 
  custom:video-decoder-webm-vp8: 9c59270c3fd7afecdb556c50c9e8de78 -> 
  custom:audio-decoder-ogg-vorbis: bf7c407c2cedff20999df2af8eb42d56 -> 
  custom:audio-encoder-webm-vorbis: bf7c407c2cedff20999df2af8eb42d56 -> 
========================================================================
Received Import Request.
  Time since last request: 7.741200 seconds.
  path: Assets/Scenes/Weather.unity
  artifactKey: Guid(7554e2f415d672f4b81ff70bd631a0ec) Importer(815301076,1909f56bfc062723c751e8b465ee728b)
Start importing Assets/Scenes/Weather.unity using Guid(7554e2f415d672f4b81ff70bd631a0ec) Importer(815301076,1909f56bfc062723c751e8b465ee728b)  -> (artifact id: '083647d87ddc89830146360dc183f733') in 0.031956 seconds 
  Import took 0.036010 seconds .

========================================================================
Received Import Request.
  Time since last request: 239.363017 seconds.
  path: Assets/Scripts/Weather/WeatherTimer.cs
  artifactKey: Guid(8ca47b5899fa0144f9e20b97f5b1039a) Importer(815301076,1909f56bfc062723c751e8b465ee728b)
Start importing Assets/Scripts/Weather/WeatherTimer.cs using Guid(8ca47b5899fa0144f9e20b97f5b1039a) Importer(815301076,1909f56bfc062723c751e8b465ee728b)  -> (artifact id: 'a43734e97bffaed5ba72874e3fcc79e5') in 0.002753 seconds 
  Import took 0.007055 seconds .

========================================================================
Received Import Request.
  Time since last request: 41.557069 seconds.
  path: Assets/Scripts/Weather/WeatherTimer.cs
  artifactKey: Guid(8ca47b5899fa0144f9e20b97f5b1039a) Importer(815301076,1909f56bfc062723c751e8b465ee728b)
Start importing Assets/Scripts/Weather/WeatherTimer.cs using Guid(8ca47b5899fa0144f9e20b97f5b1039a) Importer(815301076,1909f56bfc062723c751e8b465ee728b)  -> (artifact id: 'c995e09a4ddfd7668b23156b7f19667b') in 0.003070 seconds 
  Import took 0.009262 seconds .

========================================================================
Received Import Request.
  Time since last request: 77.590341 seconds.
  path: Assets/Scripts/Weather/WeatherTimer.cs
  artifactKey: Guid(8ca47b5899fa0144f9e20b97f5b1039a) Importer(815301076,1909f56bfc062723c751e8b465ee728b)
Start importing Assets/Scripts/Weather/WeatherTimer.cs using Guid(8ca47b5899fa0144f9e20b97f5b1039a) Importer(815301076,1909f56bfc062723c751e8b465ee728b)  -> (artifact id: '7cc73d12590f8c4e915ca85c5fbfa219') in 0.002912 seconds 
  Import took 0.007696 seconds .

========================================================================
Received Import Request.
  Time since last request: 0.002769 seconds.
  path: Assets/Scripts/Weather/WeatherTimer.cs
  artifactKey: Guid(8ca47b5899fa0144f9e20b97f5b1039a) Importer(815301076,1909f56bfc062723c751e8b465ee728b)
Start importing Assets/Scripts/Weather/WeatherTimer.cs using Guid(8ca47b5899fa0144f9e20b97f5b1039a) Importer(815301076,1909f56bfc062723c751e8b465ee728b)  -> (artifact id: '7cc73d12590f8c4e915ca85c5fbfa219') in 0.002835 seconds 
  Import took 0.007394 seconds .

========================================================================
Received Import Request.
  Time since last request: 1.412368 seconds.
  path: Assets/Scripts/Weather/WeatherTimer.cs
  artifactKey: Guid(8ca47b5899fa0144f9e20b97f5b1039a) Importer(815301076,1909f56bfc062723c751e8b465ee728b)
Start importing Assets/Scripts/Weather/WeatherTimer.cs using Guid(8ca47b5899fa0144f9e20b97f5b1039a) Importer(815301076,1909f56bfc062723c751e8b465ee728b)  -> (artifact id: '50eb06e4a3035d6e98e8f829a88976ae') in 0.004103 seconds 
  Import took 0.009170 seconds .

========================================================================
Received Import Request.
  Time since last request: 8.302259 seconds.
  path: Assets/Scripts/Weather/WeatherTimer.cs
  artifactKey: Guid(8ca47b5899fa0144f9e20b97f5b1039a) Importer(815301076,1909f56bfc062723c751e8b465ee728b)
Start importing Assets/Scripts/Weather/WeatherTimer.cs using Guid(8ca47b5899fa0144f9e20b97f5b1039a) Importer(815301076,1909f56bfc062723c751e8b465ee728b)  -> (artifact id: '66a9d8d130bf2c26053d18f1882d0972') in 0.002695 seconds 
  Import took 0.006986 seconds .

========================================================================
Received Import Request.
  Time since last request: 5.785543 seconds.
  path: Assets/Scripts/Weather/WeatherTimer.cs
  artifactKey: Guid(8ca47b5899fa0144f9e20b97f5b1039a) Importer(815301076,1909f56bfc062723c751e8b465ee728b)
Start importing Assets/Scripts/Weather/WeatherTimer.cs using Guid(8ca47b5899fa0144f9e20b97f5b1039a) Importer(815301076,1909f56bfc062723c751e8b465ee728b)  -> (artifact id: '542ece45e0be0d7318da67e9756ad45e') in 0.003054 seconds 
  Import took 0.007738 seconds .

========================================================================
Received Import Request.
  Time since last request: 185.720271 seconds.
  path: Assets/Scripts/Weather/WeatherTimer.cs
  artifactKey: Guid(8ca47b5899fa0144f9e20b97f5b1039a) Importer(815301076,1909f56bfc062723c751e8b465ee728b)
Start importing Assets/Scripts/Weather/WeatherTimer.cs using Guid(8ca47b5899fa0144f9e20b97f5b1039a) Importer(815301076,1909f56bfc062723c751e8b465ee728b)  -> (artifact id: '29efc765f3bbcbcaa0fd2c7f0ab4893c') in 0.002488 seconds 
  Import took 0.006642 seconds .

========================================================================
Received Import Request.
  Time since last request: 0.003482 seconds.
  path: Assets/Scripts/Weather/WeatherTimer.cs
  artifactKey: Guid(8ca47b5899fa0144f9e20b97f5b1039a) Importer(815301076,1909f56bfc062723c751e8b465ee728b)
Start importing Assets/Scripts/Weather/WeatherTimer.cs using Guid(8ca47b5899fa0144f9e20b97f5b1039a) Importer(815301076,1909f56bfc062723c751e8b465ee728b)  -> (artifact id: '29efc765f3bbcbcaa0fd2c7f0ab4893c') in 0.002858 seconds 
  Import took 0.007588 seconds .

========================================================================
Received Import Request.
  Time since last request: 31.494592 seconds.
  path: Assets/Scripts/Weather/WeatherTimer.cs
  artifactKey: Guid(8ca47b5899fa0144f9e20b97f5b1039a) Importer(815301076,1909f56bfc062723c751e8b465ee728b)
Start importing Assets/Scripts/Weather/WeatherTimer.cs using Guid(8ca47b5899fa0144f9e20b97f5b1039a) Importer(815301076,1909f56bfc062723c751e8b465ee728b)  -> (artifact id: '07cdab17725c841a34f26314a3debbf7') in 0.002679 seconds 
  Import took 0.007741 seconds .

========================================================================
Received Import Request.
  Time since last request: 0.003845 seconds.
  path: Assets/Scripts/Weather/WeatherTimer.cs
  artifactKey: Guid(8ca47b5899fa0144f9e20b97f5b1039a) Importer(815301076,1909f56bfc062723c751e8b465ee728b)
Start importing Assets/Scripts/Weather/WeatherTimer.cs using Guid(8ca47b5899fa0144f9e20b97f5b1039a) Importer(815301076,1909f56bfc062723c751e8b465ee728b)  -> (artifact id: '07cdab17725c841a34f26314a3debbf7') in 0.002613 seconds 
  Import took 0.007290 seconds .

========================================================================
Received Import Request.
  Time since last request: 28.308647 seconds.
  path: Assets/Scripts/Weather/WeatherTimer.cs
  artifactKey: Guid(8ca47b5899fa0144f9e20b97f5b1039a) Importer(815301076,1909f56bfc062723c751e8b465ee728b)
Start importing Assets/Scripts/Weather/WeatherTimer.cs using Guid(8ca47b5899fa0144f9e20b97f5b1039a) Importer(815301076,1909f56bfc062723c751e8b465ee728b)  -> (artifact id: '5b68c05809200418151fdbe21bbf5105') in 0.003582 seconds 
  Import took 0.008447 seconds .

========================================================================
Received Import Request.
  Time since last request: 34.169705 seconds.
  path: Assets/Scripts/Weather/WeatherTimer.cs
  artifactKey: Guid(8ca47b5899fa0144f9e20b97f5b1039a) Importer(815301076,1909f56bfc062723c751e8b465ee728b)
Start importing Assets/Scripts/Weather/WeatherTimer.cs using Guid(8ca47b5899fa0144f9e20b97f5b1039a) Importer(815301076,1909f56bfc062723c751e8b465ee728b)  -> (artifact id: '3def7b8c485790aa27738212a228627c') in 0.002850 seconds 
  Import took 0.007456 seconds .

========================================================================
Received Import Request.
  Time since last request: 23.848737 seconds.
  path: Assets/Scripts/Weather/WeatherTimer.cs
  artifactKey: Guid(8ca47b5899fa0144f9e20b97f5b1039a) Importer(815301076,1909f56bfc062723c751e8b465ee728b)
Start importing Assets/Scripts/Weather/WeatherTimer.cs using Guid(8ca47b5899fa0144f9e20b97f5b1039a) Importer(815301076,1909f56bfc062723c751e8b465ee728b)  -> (artifact id: '28cc4124803c7dbfbdf075a4740d2aeb') in 0.003557 seconds 
  Import took 0.008521 seconds .

========================================================================
Received Import Request.
  Time since last request: 24.316779 seconds.
  path: Assets/Scripts/Weather/WeatherTimer.cs
  artifactKey: Guid(8ca47b5899fa0144f9e20b97f5b1039a) Importer(815301076,1909f56bfc062723c751e8b465ee728b)
Start importing Assets/Scripts/Weather/WeatherTimer.cs using Guid(8ca47b5899fa0144f9e20b97f5b1039a) Importer(815301076,1909f56bfc062723c751e8b465ee728b)  -> (artifact id: 'a92c9117a70ed3f9e18322db74479ac0') in 0.002997 seconds 
  Import took 0.007940 seconds .

========================================================================
Received Import Request.
  Time since last request: 0.002225 seconds.
  path: Assets/Scripts/Weather/WeatherTimer.cs
  artifactKey: Guid(8ca47b5899fa0144f9e20b97f5b1039a) Importer(815301076,1909f56bfc062723c751e8b465ee728b)
Start importing Assets/Scripts/Weather/WeatherTimer.cs using Guid(8ca47b5899fa0144f9e20b97f5b1039a) Importer(815301076,1909f56bfc062723c751e8b465ee728b)  -> (artifact id: 'a92c9117a70ed3f9e18322db74479ac0') in 0.002631 seconds 
  Import took 0.007288 seconds .

========================================================================
Received Import Request.
  Time since last request: 3.303287 seconds.
  path: Assets/Scripts/Weather/WeatherTimer.cs
  artifactKey: Guid(8ca47b5899fa0144f9e20b97f5b1039a) Importer(815301076,1909f56bfc062723c751e8b465ee728b)
Start importing Assets/Scripts/Weather/WeatherTimer.cs using Guid(8ca47b5899fa0144f9e20b97f5b1039a) Importer(815301076,1909f56bfc062723c751e8b465ee728b)  -> (artifact id: '37ab58f94babf3689c763acd843d5e00') in 0.002642 seconds 
  Import took 0.007012 seconds .

========================================================================
Received Prepare
Registering precompiled user dll's ...
Registered in 0.002140 seconds.
Begin MonoManager ReloadAssembly
Native extension for WindowsStandalone target not found
Native extension for WebGL target not found
Refreshing native plugins compatible for Editor in 0.49 ms, found 2 plugins.
Preloading 0 native plugins for Editor in 0.00 ms.
Mono: successfully reloaded assembly
- Completed reload, in  0.956 seconds
Domain Reload Profiling:
	ReloadAssembly (957ms)
		BeginReloadAssembly (111ms)
			ExecutionOrderSort (0ms)
			DisableScriptedObjects (4ms)
			BackupInstance (0ms)
			ReleaseScriptingObjects (0ms)
			CreateAndSetChildDomain (38ms)
		EndReloadAssembly (788ms)
			LoadAssemblies (82ms)
			RebuildTransferFunctionScriptingTraits (0ms)
			SetupTypeCache (282ms)
			ReleaseScriptCaches (1ms)
			RebuildScriptCaches (41ms)
			SetupLoadedEditorAssemblies (275ms)
				LogAssemblyErrors (0ms)
				InitializePlatformSupportModulesInManaged (5ms)
				SetLoadedEditorAssemblies (0ms)
				RefreshPlugins (1ms)
				BeforeProcessingInitializeOnLoad (73ms)
				ProcessInitializeOnLoadAttributes (190ms)
				ProcessInitializeOnLoadMethodAttributes (4ms)
				AfterProcessingInitializeOnLoad (2ms)
				EditorAssembliesLoaded (0ms)
			ExecutionOrderSort2 (0ms)
			AwakeInstancesAfterBackupRestoration (10ms)
Platform modules already initialized, skipping
Refreshing native plugins compatible for Editor in 0.49 ms, found 2 plugins.
Preloading 0 native plugins for Editor in 0.00 ms.
Unloading 2600 Unused Serialized files (Serialized files now loaded: 0)
System memory in use before: 118.6 MB.
System memory in use after: 118.9 MB.

Unloading 12 unused Assets to reduce memory usage. Loaded Objects now: 3149.
Total: 2.961700 ms (FindLiveObjects: 0.311000 ms CreateObjectMapping: 0.137800 ms MarkObjects: 2.493800 ms  DeleteObjects: 0.018000 ms)

AssetImportParameters requested are different than current active one (requested -> active):
  custom:framework-win-MediaFoundation: 216162199b28c13a410421893ffa2e32 -> 
  custom:video-decoder-ogg-theora: a1e56fd34408186e4bbccfd4996cb3dc -> 
  custom:container-muxer-webm: aa71ff27fc2769a1b78a27578f13a17b -> 
  custom:container-demuxer-webm: 4f35f7cbe854078d1ac9338744f61a02 -> 
  custom:container-demuxer-ogg: 62fdf1f143b41e24485cea50d1cbac27 -> 
  custom:video-encoder-webm-vp8: eb34c28f22e8b96e1ab97ce403110664 -> 
  custom:video-decoder-webm-vp8: 9c59270c3fd7afecdb556c50c9e8de78 -> 
  custom:audio-decoder-ogg-vorbis: bf7c407c2cedff20999df2af8eb42d56 -> 
  custom:audio-encoder-webm-vorbis: bf7c407c2cedff20999df2af8eb42d56 -> 
========================================================================
Received Import Request.
  Time since last request: 660.635746 seconds.
  path: Assets/Scripts/Weather/WeatherTimer.cs
  artifactKey: Guid(8ca47b5899fa0144f9e20b97f5b1039a) Importer(815301076,1909f56bfc062723c751e8b465ee728b)
Start importing Assets/Scripts/Weather/WeatherTimer.cs using Guid(8ca47b5899fa0144f9e20b97f5b1039a) Importer(815301076,1909f56bfc062723c751e8b465ee728b)  -> (artifact id: 'a7ad65ec85e9581e5721348c81e5dda4') in 0.008399 seconds 
  Import took 0.013578 seconds .

========================================================================
Received Import Request.
  Time since last request: 0.073436 seconds.
  path: Assets/Scripts/Weather/WeatherTimer.cs
  artifactKey: Guid(8ca47b5899fa0144f9e20b97f5b1039a) Importer(815301076,1909f56bfc062723c751e8b465ee728b)
Start importing Assets/Scripts/Weather/WeatherTimer.cs using Guid(8ca47b5899fa0144f9e20b97f5b1039a) Importer(815301076,1909f56bfc062723c751e8b465ee728b)  -> (artifact id: 'a7ad65ec85e9581e5721348c81e5dda4') in 0.002990 seconds 
  Import took 0.008703 seconds .

========================================================================
Received Import Request.
  Time since last request: 22.329842 seconds.
  path: Assets/Scripts/Weather/WeatherTimer.cs
  artifactKey: Guid(8ca47b5899fa0144f9e20b97f5b1039a) Importer(815301076,1909f56bfc062723c751e8b465ee728b)
Start importing Assets/Scripts/Weather/WeatherTimer.cs using Guid(8ca47b5899fa0144f9e20b97f5b1039a) Importer(815301076,1909f56bfc062723c751e8b465ee728b)  -> (artifact id: '74c220a634547d5d38dcc02ca34fd6e9') in 0.002907 seconds 
  Import took 0.007117 seconds .

========================================================================
Received Import Request.
  Time since last request: 15.164074 seconds.
  path: Assets/Scripts/Weather/WeatherTimer.cs
  artifactKey: Guid(8ca47b5899fa0144f9e20b97f5b1039a) Importer(815301076,1909f56bfc062723c751e8b465ee728b)
Start importing Assets/Scripts/Weather/WeatherTimer.cs using Guid(8ca47b5899fa0144f9e20b97f5b1039a) Importer(815301076,1909f56bfc062723c751e8b465ee728b)  -> (artifact id: 'a5255851dbb900b0a8eb7d065efb5704') in 0.002643 seconds 
  Import took 0.006663 seconds .

========================================================================
Received Import Request.
  Time since last request: 0.024889 seconds.
  path: Assets/Scripts/Weather/WeatherTimer.cs
  artifactKey: Guid(8ca47b5899fa0144f9e20b97f5b1039a) Importer(815301076,1909f56bfc062723c751e8b465ee728b)
Start importing Assets/Scripts/Weather/WeatherTimer.cs using Guid(8ca47b5899fa0144f9e20b97f5b1039a) Importer(815301076,1909f56bfc062723c751e8b465ee728b)  -> (artifact id: 'a5255851dbb900b0a8eb7d065efb5704') in 0.002667 seconds 
  Import took 0.008932 seconds .

========================================================================
Received Import Request.
  Time since last request: 8.573913 seconds.
  path: Assets/Scripts/Weather/WeatherTimer.cs
  artifactKey: Guid(8ca47b5899fa0144f9e20b97f5b1039a) Importer(815301076,1909f56bfc062723c751e8b465ee728b)
Start importing Assets/Scripts/Weather/WeatherTimer.cs using Guid(8ca47b5899fa0144f9e20b97f5b1039a) Importer(815301076,1909f56bfc062723c751e8b465ee728b)  -> (artifact id: '4c10c3f217b37cebfc943cbe348ebc43') in 0.002496 seconds 
  Import took 0.007563 seconds .

========================================================================
Received Prepare
Registering precompiled user dll's ...
Registered in 0.003199 seconds.
Begin MonoManager ReloadAssembly
Native extension for WindowsStandalone target not found
Native extension for WebGL target not found
Refreshing native plugins compatible for Editor in 0.52 ms, found 2 plugins.
Preloading 0 native plugins for Editor in 0.00 ms.
Mono: successfully reloaded assembly
- Completed reload, in  1.043 seconds
Domain Reload Profiling:
	ReloadAssembly (1044ms)
		BeginReloadAssembly (120ms)
			ExecutionOrderSort (0ms)
			DisableScriptedObjects (7ms)
			BackupInstance (0ms)
			ReleaseScriptingObjects (0ms)
			CreateAndSetChildDomain (46ms)
		EndReloadAssembly (863ms)
			LoadAssemblies (91ms)
			RebuildTransferFunctionScriptingTraits (0ms)
			SetupTypeCache (333ms)
			ReleaseScriptCaches (2ms)
			RebuildScriptCaches (46ms)
			SetupLoadedEditorAssemblies (284ms)
				LogAssemblyErrors (0ms)
				InitializePlatformSupportModulesInManaged (5ms)
				SetLoadedEditorAssemblies (0ms)
				RefreshPlugins (1ms)
				BeforeProcessingInitializeOnLoad (77ms)
				ProcessInitializeOnLoadAttributes (196ms)
				ProcessInitializeOnLoadMethodAttributes (4ms)
				AfterProcessingInitializeOnLoad (2ms)
				EditorAssembliesLoaded (0ms)
			ExecutionOrderSort2 (0ms)
			AwakeInstancesAfterBackupRestoration (10ms)
Platform modules already initialized, skipping
Refreshing native plugins compatible for Editor in 0.63 ms, found 2 plugins.
Preloading 0 native plugins for Editor in 0.00 ms.
Unloading 2600 Unused Serialized files (Serialized files now loaded: 0)
System memory in use before: 118.7 MB.
System memory in use after: 118.9 MB.

Unloading 12 unused Assets to reduce memory usage. Loaded Objects now: 3151.
Total: 3.246100 ms (FindLiveObjects: 0.376900 ms CreateObjectMapping: 0.163000 ms MarkObjects: 2.677700 ms  DeleteObjects: 0.026700 ms)

AssetImportParameters requested are different than current active one (requested -> active):
  custom:framework-win-MediaFoundation: 216162199b28c13a410421893ffa2e32 -> 
  custom:video-decoder-ogg-theora: a1e56fd34408186e4bbccfd4996cb3dc -> 
  custom:container-muxer-webm: aa71ff27fc2769a1b78a27578f13a17b -> 
  custom:container-demuxer-webm: 4f35f7cbe854078d1ac9338744f61a02 -> 
  custom:container-demuxer-ogg: 62fdf1f143b41e24485cea50d1cbac27 -> 
  custom:video-encoder-webm-vp8: eb34c28f22e8b96e1ab97ce403110664 -> 
  custom:video-decoder-webm-vp8: 9c59270c3fd7afecdb556c50c9e8de78 -> 
  custom:audio-decoder-ogg-vorbis: bf7c407c2cedff20999df2af8eb42d56 -> 
  custom:audio-encoder-webm-vorbis: bf7c407c2cedff20999df2af8eb42d56 -> 
========================================================================
Received Import Request.
  Time since last request: 148.668030 seconds.
  path: Assets/Scripts/Weather/WeatherTimer.cs
  artifactKey: Guid(8ca47b5899fa0144f9e20b97f5b1039a) Importer(815301076,1909f56bfc062723c751e8b465ee728b)
Start importing Assets/Scripts/Weather/WeatherTimer.cs using Guid(8ca47b5899fa0144f9e20b97f5b1039a) Importer(815301076,1909f56bfc062723c751e8b465ee728b)  -> (artifact id: '79316927fcd78f8dbb146edb04074f83') in 0.007383 seconds 
  Import took 0.011677 seconds .

========================================================================
Received Import Request.
  Time since last request: 0.024005 seconds.
  path: Assets/Scripts/Weather/WeatherTimer.cs
  artifactKey: Guid(8ca47b5899fa0144f9e20b97f5b1039a) Importer(815301076,1909f56bfc062723c751e8b465ee728b)
Start importing Assets/Scripts/Weather/WeatherTimer.cs using Guid(8ca47b5899fa0144f9e20b97f5b1039a) Importer(815301076,1909f56bfc062723c751e8b465ee728b)  -> (artifact id: '79316927fcd78f8dbb146edb04074f83') in 0.002726 seconds 
  Import took 0.006671 seconds .

========================================================================
Received Prepare
Registering precompiled user dll's ...
Registered in 0.002989 seconds.
Begin MonoManager ReloadAssembly
Native extension for WindowsStandalone target not found
Native extension for WebGL target not found
Refreshing native plugins compatible for Editor in 0.80 ms, found 2 plugins.
Preloading 0 native plugins for Editor in 0.00 ms.
Mono: successfully reloaded assembly
- Completed reload, in  1.086 seconds
Domain Reload Profiling:
	ReloadAssembly (1087ms)
		BeginReloadAssembly (186ms)
			ExecutionOrderSort (0ms)
			DisableScriptedObjects (6ms)
			BackupInstance (0ms)
			ReleaseScriptingObjects (0ms)
			CreateAndSetChildDomain (81ms)
		EndReloadAssembly (843ms)
			LoadAssemblies (114ms)
			RebuildTransferFunctionScriptingTraits (0ms)
			SetupTypeCache (315ms)
			ReleaseScriptCaches (1ms)
			RebuildScriptCaches (46ms)
			SetupLoadedEditorAssemblies (288ms)
				LogAssemblyErrors (0ms)
				InitializePlatformSupportModulesInManaged (7ms)
				SetLoadedEditorAssemblies (1ms)
				RefreshPlugins (1ms)
				BeforeProcessingInitializeOnLoad (77ms)
				ProcessInitializeOnLoadAttributes (198ms)
				ProcessInitializeOnLoadMethodAttributes (3ms)
				AfterProcessingInitializeOnLoad (2ms)
				EditorAssembliesLoaded (0ms)
			ExecutionOrderSort2 (0ms)
			AwakeInstancesAfterBackupRestoration (10ms)
Platform modules already initialized, skipping
Refreshing native plugins compatible for Editor in 0.61 ms, found 2 plugins.
Preloading 0 native plugins for Editor in 0.00 ms.
Unloading 2600 Unused Serialized files (Serialized files now loaded: 0)
System memory in use before: 118.7 MB.
System memory in use after: 118.9 MB.

Unloading 12 unused Assets to reduce memory usage. Loaded Objects now: 3153.
Total: 4.179800 ms (FindLiveObjects: 0.390800 ms CreateObjectMapping: 0.198600 ms MarkObjects: 3.557100 ms  DeleteObjects: 0.031500 ms)

AssetImportParameters requested are different than current active one (requested -> active):
  custom:framework-win-MediaFoundation: 216162199b28c13a410421893ffa2e32 -> 
  custom:video-decoder-ogg-theora: a1e56fd34408186e4bbccfd4996cb3dc -> 
  custom:container-muxer-webm: aa71ff27fc2769a1b78a27578f13a17b -> 
  custom:container-demuxer-webm: 4f35f7cbe854078d1ac9338744f61a02 -> 
  custom:container-demuxer-ogg: 62fdf1f143b41e24485cea50d1cbac27 -> 
  custom:video-encoder-webm-vp8: eb34c28f22e8b96e1ab97ce403110664 -> 
  custom:video-decoder-webm-vp8: 9c59270c3fd7afecdb556c50c9e8de78 -> 
  custom:audio-decoder-ogg-vorbis: bf7c407c2cedff20999df2af8eb42d56 -> 
  custom:audio-encoder-webm-vorbis: bf7c407c2cedff20999df2af8eb42d56 -> 
========================================================================
Received Import Request.
  Time since last request: 11.930775 seconds.
  path: Assets/Scripts/Weather/WeatherTimer.cs
  artifactKey: Guid(8ca47b5899fa0144f9e20b97f5b1039a) Importer(815301076,1909f56bfc062723c751e8b465ee728b)
Start importing Assets/Scripts/Weather/WeatherTimer.cs using Guid(8ca47b5899fa0144f9e20b97f5b1039a) Importer(815301076,1909f56bfc062723c751e8b465ee728b)  -> (artifact id: 'cc860edce3b0b2f3d9f5a673cda28d35') in 0.006123 seconds 
  Import took 0.010209 seconds .

========================================================================
Received Prepare
Registering precompiled user dll's ...
Registered in 0.002454 seconds.
Begin MonoManager ReloadAssembly
Native extension for WindowsStandalone target not found
Native extension for WebGL target not found
Refreshing native plugins compatible for Editor in 0.49 ms, found 2 plugins.
Preloading 0 native plugins for Editor in 0.00 ms.
Mono: successfully reloaded assembly
- Completed reload, in  0.968 seconds
Domain Reload Profiling:
	ReloadAssembly (969ms)
		BeginReloadAssembly (114ms)
			ExecutionOrderSort (0ms)
			DisableScriptedObjects (4ms)
			BackupInstance (0ms)
			ReleaseScriptingObjects (0ms)
			CreateAndSetChildDomain (31ms)
		EndReloadAssembly (802ms)
			LoadAssemblies (88ms)
			RebuildTransferFunctionScriptingTraits (0ms)
			SetupTypeCache (304ms)
			ReleaseScriptCaches (1ms)
			RebuildScriptCaches (40ms)
			SetupLoadedEditorAssemblies (270ms)
				LogAssemblyErrors (0ms)
				InitializePlatformSupportModulesInManaged (5ms)
				SetLoadedEditorAssemblies (0ms)
				RefreshPlugins (1ms)
				BeforeProcessingInitializeOnLoad (73ms)
				ProcessInitializeOnLoadAttributes (186ms)
				ProcessInitializeOnLoadMethodAttributes (3ms)
				AfterProcessingInitializeOnLoad (2ms)
				EditorAssembliesLoaded (0ms)
			ExecutionOrderSort2 (0ms)
			AwakeInstancesAfterBackupRestoration (10ms)
Platform modules already initialized, skipping
Refreshing native plugins compatible for Editor in 0.84 ms, found 2 plugins.
Preloading 0 native plugins for Editor in 0.00 ms.
Unloading 2600 Unused Serialized files (Serialized files now loaded: 0)
System memory in use before: 118.7 MB.
System memory in use after: 118.9 MB.

Unloading 12 unused Assets to reduce memory usage. Loaded Objects now: 3155.
Total: 2.933100 ms (FindLiveObjects: 0.284700 ms CreateObjectMapping: 0.151400 ms MarkObjects: 2.479900 ms  DeleteObjects: 0.016000 ms)

AssetImportParameters requested are different than current active one (requested -> active):
  custom:framework-win-MediaFoundation: 216162199b28c13a410421893ffa2e32 -> 
  custom:video-decoder-ogg-theora: a1e56fd34408186e4bbccfd4996cb3dc -> 
  custom:container-muxer-webm: aa71ff27fc2769a1b78a27578f13a17b -> 
  custom:container-demuxer-webm: 4f35f7cbe854078d1ac9338744f61a02 -> 
  custom:container-demuxer-ogg: 62fdf1f143b41e24485cea50d1cbac27 -> 
  custom:video-encoder-webm-vp8: eb34c28f22e8b96e1ab97ce403110664 -> 
  custom:video-decoder-webm-vp8: 9c59270c3fd7afecdb556c50c9e8de78 -> 
  custom:audio-decoder-ogg-vorbis: bf7c407c2cedff20999df2af8eb42d56 -> 
  custom:audio-encoder-webm-vorbis: bf7c407c2cedff20999df2af8eb42d56 -> 
========================================================================
Received Import Request.
  Time since last request: 16.821847 seconds.
  path: Assets/Scripts/Weather/WeatherTimer.cs
  artifactKey: Guid(8ca47b5899fa0144f9e20b97f5b1039a) Importer(815301076,1909f56bfc062723c751e8b465ee728b)
Start importing Assets/Scripts/Weather/WeatherTimer.cs using Guid(8ca47b5899fa0144f9e20b97f5b1039a) Importer(815301076,1909f56bfc062723c751e8b465ee728b)  -> (artifact id: '913575987e61eb62341f19a66341bdd4') in 0.007321 seconds 
  Import took 0.012197 seconds .

========================================================================
Received Prepare
Registering precompiled user dll's ...
Registered in 0.002897 seconds.
Begin MonoManager ReloadAssembly
Native extension for WindowsStandalone target not found
Native extension for WebGL target not found
Refreshing native plugins compatible for Editor in 0.49 ms, found 2 plugins.
Preloading 0 native plugins for Editor in 0.00 ms.
Mono: successfully reloaded assembly
- Completed reload, in  0.979 seconds
Domain Reload Profiling:
	ReloadAssembly (979ms)
		BeginReloadAssembly (100ms)
			ExecutionOrderSort (0ms)
			DisableScriptedObjects (5ms)
			BackupInstance (0ms)
			ReleaseScriptingObjects (0ms)
			CreateAndSetChildDomain (33ms)
		EndReloadAssembly (825ms)
			LoadAssemblies (87ms)
			RebuildTransferFunctionScriptingTraits (0ms)
			SetupTypeCache (288ms)
			ReleaseScriptCaches (1ms)
			RebuildScriptCaches (44ms)
			SetupLoadedEditorAssemblies (300ms)
				LogAssemblyErrors (0ms)
				InitializePlatformSupportModulesInManaged (5ms)
				SetLoadedEditorAssemblies (0ms)
				RefreshPlugins (1ms)
				BeforeProcessingInitializeOnLoad (78ms)
				ProcessInitializeOnLoadAttributes (207ms)
				ProcessInitializeOnLoadMethodAttributes (5ms)
				AfterProcessingInitializeOnLoad (3ms)
				EditorAssembliesLoaded (0ms)
			ExecutionOrderSort2 (0ms)
			AwakeInstancesAfterBackupRestoration (10ms)
Platform modules already initialized, skipping
Refreshing native plugins compatible for Editor in 0.55 ms, found 2 plugins.
Preloading 0 native plugins for Editor in 0.00 ms.
Unloading 2600 Unused Serialized files (Serialized files now loaded: 0)
System memory in use before: 118.7 MB.
System memory in use after: 118.9 MB.

Unloading 12 unused Assets to reduce memory usage. Loaded Objects now: 3157.
Total: 3.249400 ms (FindLiveObjects: 0.288600 ms CreateObjectMapping: 0.122400 ms MarkObjects: 2.794200 ms  DeleteObjects: 0.042100 ms)

AssetImportParameters requested are different than current active one (requested -> active):
  custom:framework-win-MediaFoundation: 216162199b28c13a410421893ffa2e32 -> 
  custom:video-decoder-ogg-theora: a1e56fd34408186e4bbccfd4996cb3dc -> 
  custom:container-muxer-webm: aa71ff27fc2769a1b78a27578f13a17b -> 
  custom:container-demuxer-webm: 4f35f7cbe854078d1ac9338744f61a02 -> 
  custom:container-demuxer-ogg: 62fdf1f143b41e24485cea50d1cbac27 -> 
  custom:video-encoder-webm-vp8: eb34c28f22e8b96e1ab97ce403110664 -> 
  custom:video-decoder-webm-vp8: 9c59270c3fd7afecdb556c50c9e8de78 -> 
  custom:audio-decoder-ogg-vorbis: bf7c407c2cedff20999df2af8eb42d56 -> 
  custom:audio-encoder-webm-vorbis: bf7c407c2cedff20999df2af8eb42d56 -> 
========================================================================
Received Import Request.
  Time since last request: 39.303233 seconds.
  path: Assets/Scripts/Weather/WeatherState.cs
  artifactKey: Guid(6441de425efb3224d8113fed69d7f7dc) Importer(815301076,1909f56bfc062723c751e8b465ee728b)
Start importing Assets/Scripts/Weather/WeatherState.cs using Guid(6441de425efb3224d8113fed69d7f7dc) Importer(815301076,1909f56bfc062723c751e8b465ee728b)  -> (artifact id: 'c3fc2c68ae429ff0feb24d03700fde49') in 0.017308 seconds 
  Import took 0.021841 seconds .

========================================================================
Received Import Request.
  Time since last request: 0.000962 seconds.
  path: Assets/Scripts/Weather/WeatherState.cs
  artifactKey: Guid(6441de425efb3224d8113fed69d7f7dc) Importer(815301076,1909f56bfc062723c751e8b465ee728b)
Start importing Assets/Scripts/Weather/WeatherState.cs using Guid(6441de425efb3224d8113fed69d7f7dc) Importer(815301076,1909f56bfc062723c751e8b465ee728b)  -> (artifact id: 'c3fc2c68ae429ff0feb24d03700fde49') in 0.003003 seconds 
  Import took 0.007340 seconds .

========================================================================
Received Prepare
Registering precompiled user dll's ...
Registered in 0.002229 seconds.
Begin MonoManager ReloadAssembly
Native extension for WindowsStandalone target not found
Native extension for WebGL target not found
Refreshing native plugins compatible for Editor in 0.48 ms, found 2 plugins.
Preloading 0 native plugins for Editor in 0.00 ms.
Mono: successfully reloaded assembly
- Completed reload, in  1.065 seconds
Domain Reload Profiling:
	ReloadAssembly (1066ms)
		BeginReloadAssembly (102ms)
			ExecutionOrderSort (0ms)
			DisableScriptedObjects (4ms)
			BackupInstance (0ms)
			ReleaseScriptingObjects (0ms)
			CreateAndSetChildDomain (31ms)
		EndReloadAssembly (906ms)
			LoadAssemblies (81ms)
			RebuildTransferFunctionScriptingTraits (0ms)
			SetupTypeCache (334ms)
			ReleaseScriptCaches (1ms)
			RebuildScriptCaches (40ms)
			SetupLoadedEditorAssemblies (331ms)
				LogAssemblyErrors (0ms)
				InitializePlatformSupportModulesInManaged (5ms)
				SetLoadedEditorAssemblies (0ms)
				RefreshPlugins (1ms)
				BeforeProcessingInitializeOnLoad (81ms)
				ProcessInitializeOnLoadAttributes (237ms)
				ProcessInitializeOnLoadMethodAttributes (4ms)
				AfterProcessingInitializeOnLoad (3ms)
				EditorAssembliesLoaded (0ms)
			ExecutionOrderSort2 (0ms)
			AwakeInstancesAfterBackupRestoration (13ms)
Platform modules already initialized, skipping
Refreshing native plugins compatible for Editor in 0.53 ms, found 2 plugins.
Preloading 0 native plugins for Editor in 0.00 ms.
Unloading 2601 Unused Serialized files (Serialized files now loaded: 0)
System memory in use before: 118.7 MB.
System memory in use after: 119.0 MB.

Unloading 12 unused Assets to reduce memory usage. Loaded Objects now: 3160.
Total: 3.558700 ms (FindLiveObjects: 0.292100 ms CreateObjectMapping: 0.120600 ms MarkObjects: 3.123000 ms  DeleteObjects: 0.021300 ms)

AssetImportParameters requested are different than current active one (requested -> active):
  custom:framework-win-MediaFoundation: 216162199b28c13a410421893ffa2e32 -> 
  custom:video-decoder-ogg-theora: a1e56fd34408186e4bbccfd4996cb3dc -> 
  custom:container-muxer-webm: aa71ff27fc2769a1b78a27578f13a17b -> 
  custom:container-demuxer-webm: 4f35f7cbe854078d1ac9338744f61a02 -> 
  custom:container-demuxer-ogg: 62fdf1f143b41e24485cea50d1cbac27 -> 
  custom:video-encoder-webm-vp8: eb34c28f22e8b96e1ab97ce403110664 -> 
  custom:video-decoder-webm-vp8: 9c59270c3fd7afecdb556c50c9e8de78 -> 
  custom:audio-decoder-ogg-vorbis: bf7c407c2cedff20999df2af8eb42d56 -> 
  custom:audio-encoder-webm-vorbis: bf7c407c2cedff20999df2af8eb42d56 -> 
========================================================================
Received Import Request.
  Time since last request: 82.940520 seconds.
  path: Assets/Scripts/Weather/WeatherState.cs
  artifactKey: Guid(6441de425efb3224d8113fed69d7f7dc) Importer(815301076,1909f56bfc062723c751e8b465ee728b)
Start importing Assets/Scripts/Weather/WeatherState.cs using Guid(6441de425efb3224d8113fed69d7f7dc) Importer(815301076,1909f56bfc062723c751e8b465ee728b)  -> (artifact id: '751d6c6fc74dceb964d5710d8511a9d0') in 0.005946 seconds 
  Import took 0.010170 seconds .

========================================================================
Received Import Request.
  Time since last request: 0.001598 seconds.
  path: Assets/Scripts/Weather/WeatherState.cs
  artifactKey: Guid(6441de425efb3224d8113fed69d7f7dc) Importer(815301076,1909f56bfc062723c751e8b465ee728b)
Start importing Assets/Scripts/Weather/WeatherState.cs using Guid(6441de425efb3224d8113fed69d7f7dc) Importer(815301076,1909f56bfc062723c751e8b465ee728b)  -> (artifact id: '751d6c6fc74dceb964d5710d8511a9d0') in 0.002383 seconds 
  Import took 0.007509 seconds .

========================================================================
Received Import Request.
  Time since last request: 9.810303 seconds.
  path: Assets/Scripts/Weather/WeatherState.cs
  artifactKey: Guid(6441de425efb3224d8113fed69d7f7dc) Importer(815301076,1909f56bfc062723c751e8b465ee728b)
Start importing Assets/Scripts/Weather/WeatherState.cs using Guid(6441de425efb3224d8113fed69d7f7dc) Importer(815301076,1909f56bfc062723c751e8b465ee728b)  -> (artifact id: '30a415a7539645fb24abb6184dce3261') in 0.003574 seconds 
  Import took 0.009288 seconds .

========================================================================
Received Prepare
Registering precompiled user dll's ...
Registered in 0.002328 seconds.
Begin MonoManager ReloadAssembly
Native extension for WindowsStandalone target not found
Native extension for WebGL target not found
Refreshing native plugins compatible for Editor in 0.49 ms, found 2 plugins.
Preloading 0 native plugins for Editor in 0.00 ms.
Mono: successfully reloaded assembly
- Completed reload, in  0.957 seconds
Domain Reload Profiling:
	ReloadAssembly (958ms)
		BeginReloadAssembly (102ms)
			ExecutionOrderSort (0ms)
			DisableScriptedObjects (6ms)
			BackupInstance (0ms)
			ReleaseScriptingObjects (0ms)
			CreateAndSetChildDomain (34ms)
		EndReloadAssembly (791ms)
			LoadAssemblies (83ms)
			RebuildTransferFunctionScriptingTraits (0ms)
			SetupTypeCache (282ms)
			ReleaseScriptCaches (1ms)
			RebuildScriptCaches (40ms)
			SetupLoadedEditorAssemblies (276ms)
				LogAssemblyErrors (0ms)
				InitializePlatformSupportModulesInManaged (5ms)
				SetLoadedEditorAssemblies (0ms)
				RefreshPlugins (1ms)
				BeforeProcessingInitializeOnLoad (74ms)
				ProcessInitializeOnLoadAttributes (191ms)
				ProcessInitializeOnLoadMethodAttributes (4ms)
				AfterProcessingInitializeOnLoad (2ms)
				EditorAssembliesLoaded (0ms)
			ExecutionOrderSort2 (0ms)
			AwakeInstancesAfterBackupRestoration (10ms)
Platform modules already initialized, skipping
Refreshing native plugins compatible for Editor in 0.61 ms, found 2 plugins.
Preloading 0 native plugins for Editor in 0.00 ms.
Unloading 2601 Unused Serialized files (Serialized files now loaded: 0)
System memory in use before: 118.8 MB.
System memory in use after: 119.0 MB.

Unloading 12 unused Assets to reduce memory usage. Loaded Objects now: 3162.
Total: 2.945800 ms (FindLiveObjects: 0.271400 ms CreateObjectMapping: 0.116200 ms MarkObjects: 2.534600 ms  DeleteObjects: 0.022300 ms)

AssetImportParameters requested are different than current active one (requested -> active):
  custom:framework-win-MediaFoundation: 216162199b28c13a410421893ffa2e32 -> 
  custom:video-decoder-ogg-theora: a1e56fd34408186e4bbccfd4996cb3dc -> 
  custom:container-muxer-webm: aa71ff27fc2769a1b78a27578f13a17b -> 
  custom:container-demuxer-webm: 4f35f7cbe854078d1ac9338744f61a02 -> 
  custom:container-demuxer-ogg: 62fdf1f143b41e24485cea50d1cbac27 -> 
  custom:video-encoder-webm-vp8: eb34c28f22e8b96e1ab97ce403110664 -> 
  custom:video-decoder-webm-vp8: 9c59270c3fd7afecdb556c50c9e8de78 -> 
  custom:audio-decoder-ogg-vorbis: bf7c407c2cedff20999df2af8eb42d56 -> 
  custom:audio-encoder-webm-vorbis: bf7c407c2cedff20999df2af8eb42d56 -> 
AssetImportWorkerClient::OnTransportError - code=2 error=End of file
