Using pre-set license
Built from '2020.3/staging' branch; Version is '2020.3.18f1 (a7d1c678663c) revision 10998214'; Using compiler version '192528614'; Build Type 'Release'
OS: 'Windows 10 Pro; OS build 19045.5854; Version 2009; 64bit' Language: 'zh' Physical Memory: 16311 MB
BatchMode: 1, IsHumanControllingUs: 0, StartBugReporterOnCrash: 0, Is64bit: 1, IsPro: 0

COMMAND LINE ARGUMENTS:
D:\Unity\2020.3.18f1\Editor\Unity.exe
-adb2
-batchMode
-noUpm
-name
AssetImportWorker5
-projectPath
D:/zpurojekuto/LearnFromReddit/kuruma
-logFile
Logs/AssetImportWorker5.log
-srvPort
57008
Successfully changed project path to: D:/zpurojekuto/LearnFromReddit/kuruma
D:/zpurojekuto/LearnFromReddit/kuruma
Using Asset Import Pipeline V2.
